EN sev NULL /home/gallego/Escritorio/ArquitecturaDeComputadores-master/Procesador2/SEV.vhd sub00/vhpl12 1524411909
AR im behavioral /home/gallego/Escritorio/ArquitecturaDeComputadores-master/Procesador2/IM.vhd sub00/vhpl05 1524411902
AR npc behavioral /home/gallego/Escritorio/ArquitecturaDeComputadores-master/Procesador2/nPc.vhd sub00/vhpl03 1524411900
EN multiplexor NULL /home/gallego/Escritorio/ArquitecturaDeComputadores-master/Procesador2/Multiplexor.vhd sub00/vhpl10 1524411907
EN im NULL /home/gallego/Escritorio/ArquitecturaDeComputadores-master/Procesador2/IM.vhd sub00/vhpl04 1524411901
AR multiplexor behavioral /home/gallego/Escritorio/ArquitecturaDeComputadores-master/Procesador2/Multiplexor.vhd sub00/vhpl11 1524411908
AR suma behavioral /home/gallego/Escritorio/ArquitecturaDeComputadores-master/Procesador2/Suma.vhd sub00/vhpl01 1524411898
AR procesador2 behavioral /home/gallego/Escritorio/ArquitecturaDeComputadores-master/Procesador2/procesador2.vhd sub00/vhpl17 1524411914
EN rf NULL /home/gallego/Escritorio/ArquitecturaDeComputadores-master/Procesador2/RF.vhd sub00/vhpl08 1524411905
AR uc behavioral /home/gallego/Escritorio/ArquitecturaDeComputadores-master/Procesador2/UC.vhd sub00/vhpl07 1524411904
EN uc NULL /home/gallego/Escritorio/ArquitecturaDeComputadores-master/Procesador2/UC.vhd sub00/vhpl06 1524411903
EN procesador2 NULL /home/gallego/Escritorio/ArquitecturaDeComputadores-master/Procesador2/procesador2.vhd sub00/vhpl16 1524411913
EN npc NULL /home/gallego/Escritorio/ArquitecturaDeComputadores-master/Procesador2/nPc.vhd sub00/vhpl02 1524411899
AR sev behavioral /home/gallego/Escritorio/ArquitecturaDeComputadores-master/Procesador2/SEV.vhd sub00/vhpl13 1524411910
AR alu behavioral /home/gallego/Escritorio/ArquitecturaDeComputadores-master/Procesador2/Alu.vhd sub00/vhpl15 1524411912
AR rf behavioral /home/gallego/Escritorio/ArquitecturaDeComputadores-master/Procesador2/RF.vhd sub00/vhpl09 1524411906
EN suma NULL /home/gallego/Escritorio/ArquitecturaDeComputadores-master/Procesador2/Suma.vhd sub00/vhpl00 1524411897
EN alu NULL /home/gallego/Escritorio/ArquitecturaDeComputadores-master/Procesador2/Alu.vhd sub00/vhpl14 1524411911
