V3 35
FL /home/gallego/Escritorio/ArquitecturaDeComputadores-master/Procesador2/Alu.vhd 2018/04/17.16:14:08 P.20131013
EN work/Alu 1524411911 \
      FL /home/gallego/Escritorio/ArquitecturaDeComputadores-master/Procesador2/Alu.vhd \
      PB ieee/std_logic_1164 1381692176 PB ieee/NUMERIC_STD 1381692181 \
      PB ieee/std_logic_arith 1381692177 PB ieee/STD_LOGIC_UNSIGNED 1381692179
AR work/Alu/Behavioral 1524411912 \
      FL /home/gallego/Escritorio/ArquitecturaDeComputadores-master/Procesador2/Alu.vhd \
      EN work/Alu 1524411911
FL /home/gallego/Escritorio/ArquitecturaDeComputadores-master/Procesador2/IM.vhd 2018/04/22.10:44:41 P.20131013
EN work/IM 1524411901 \
      FL /home/gallego/Escritorio/ArquitecturaDeComputadores-master/Procesador2/IM.vhd \
      PB ieee/std_logic_1164 1381692176 PB ieee/STD_LOGIC_UNSIGNED 1381692179 \
      PB std/TEXTIO 1381692176
AR work/IM/Behavioral 1524411902 \
      FL /home/gallego/Escritorio/ArquitecturaDeComputadores-master/Procesador2/IM.vhd \
      EN work/IM 1524411901
FL /home/gallego/Escritorio/ArquitecturaDeComputadores-master/Procesador2/Multiplexor.vhd 2018/04/20.08:47:52 P.20131013
EN work/Multiplexor 1524411907 \
      FL /home/gallego/Escritorio/ArquitecturaDeComputadores-master/Procesador2/Multiplexor.vhd \
      PB ieee/std_logic_1164 1381692176
AR work/Multiplexor/Behavioral 1524411908 \
      FL /home/gallego/Escritorio/ArquitecturaDeComputadores-master/Procesador2/Multiplexor.vhd \
      EN work/Multiplexor 1524411907
FL /home/gallego/Escritorio/ArquitecturaDeComputadores-master/Procesador2/nPc.vhd 2018/04/20.08:12:40 P.20131013
EN work/nPc 1524411899 \
      FL /home/gallego/Escritorio/ArquitecturaDeComputadores-master/Procesador2/nPc.vhd \
      PB ieee/std_logic_1164 1381692176
AR work/nPc/Behavioral 1524411900 \
      FL /home/gallego/Escritorio/ArquitecturaDeComputadores-master/Procesador2/nPc.vhd \
      EN work/nPc 1524411899
FL /home/gallego/Escritorio/ArquitecturaDeComputadores-master/Procesador2/procesador2.vhd 2018/04/17.16:14:08 P.20131013
EN work/procesador2 1524411913 \
      FL /home/gallego/Escritorio/ArquitecturaDeComputadores-master/Procesador2/procesador2.vhd \
      PB ieee/std_logic_1164 1381692176
AR work/procesador2/Behavioral 1524411914 \
      FL /home/gallego/Escritorio/ArquitecturaDeComputadores-master/Procesador2/procesador2.vhd \
      EN work/procesador2 1524411913 CP Suma CP nPc CP IM CP UC CP RF CP Multiplexor \
      CP SEV CP Alu
FL /home/gallego/Escritorio/ArquitecturaDeComputadores-master/Procesador2/RF.vhd 2018/04/20.08:36:26 P.20131013
EN work/RF 1524411905 \
      FL /home/gallego/Escritorio/ArquitecturaDeComputadores-master/Procesador2/RF.vhd \
      PB ieee/std_logic_1164 1381692176 PB ieee/STD_LOGIC_UNSIGNED 1381692179
AR work/RF/Behavioral 1524411906 \
      FL /home/gallego/Escritorio/ArquitecturaDeComputadores-master/Procesador2/RF.vhd \
      EN work/RF 1524411905
FL /home/gallego/Escritorio/ArquitecturaDeComputadores-master/Procesador2/SEV.vhd 2018/04/17.16:14:08 P.20131013
EN work/SEV 1524411909 \
      FL /home/gallego/Escritorio/ArquitecturaDeComputadores-master/Procesador2/SEV.vhd \
      PB ieee/std_logic_1164 1381692176
AR work/SEV/Behavioral 1524411910 \
      FL /home/gallego/Escritorio/ArquitecturaDeComputadores-master/Procesador2/SEV.vhd \
      EN work/SEV 1524411909
FL /home/gallego/Escritorio/ArquitecturaDeComputadores-master/Procesador2/Suma.vhd 2018/04/17.16:14:08 P.20131013
EN work/Suma 1524411897 \
      FL /home/gallego/Escritorio/ArquitecturaDeComputadores-master/Procesador2/Suma.vhd \
      PB ieee/std_logic_1164 1381692176 PB ieee/NUMERIC_STD 1381692181 \
      PB ieee/STD_LOGIC_UNSIGNED 1381692179
AR work/Suma/Behavioral 1524411898 \
      FL /home/gallego/Escritorio/ArquitecturaDeComputadores-master/Procesador2/Suma.vhd \
      EN work/Suma 1524411897
FL /home/gallego/Escritorio/ArquitecturaDeComputadores-master/Procesador2/UC.vhd 2018/04/20.08:12:56 P.20131013
EN work/UC 1524411903 \
      FL /home/gallego/Escritorio/ArquitecturaDeComputadores-master/Procesador2/UC.vhd \
      PB ieee/std_logic_1164 1381692176
AR work/UC/Behavioral 1524411904 \
      FL /home/gallego/Escritorio/ArquitecturaDeComputadores-master/Procesador2/UC.vhd \
      EN work/UC 1524411903
