AR instructionmemory arqinstructionmemory /home/gallego/Escritorio/ArquitecturaDeComputadores-master/Procesador1/IM.vhd sub00/vhpl07 1522972761
AR im behavioral /home/gallego/Escritorio/ArquitecturaDeComputadores-master/Procesador1/IM.vhd sub00/vhpl09 1523315544
AR npc behavioral /home/gallego/Escritorio/ArquitecturaDeComputadores-master/Procesador1/nPc.vhd sub00/vhpl01 1523315558
EN im NULL /home/gallego/Escritorio/ArquitecturaDeComputadores-master/Procesador1/IM.vhd sub00/vhpl08 1523315543
AR suma behavioral /home/gallego/Escritorio/ArquitecturaDeComputadores-master/Procesador1/Suma.vhd sub00/vhpl03 1523404566
EN pc NULL /home/gallego/Escritorio/ArquitecturaDeComputadores-master/Procesador1/pc.vhd sub00/vhpl04 1523315562
EN rf NULL /home/gallego/Escritorio/ArquitecturaDeComputadores-master/Procesador1/RF.vhd sub00/vhpl10 1523405088
AR uc behavioral /home/gallego/Escritorio/ArquitecturaDeComputadores-master/Procesador1/UC.vhd sub00/vhpl15 1523404527
EN uc NULL /home/gallego/Escritorio/ArquitecturaDeComputadores-master/Procesador1/UC.vhd sub00/vhpl14 1523404526
EN instructionmemory NULL /home/gallego/Escritorio/ArquitecturaDeComputadores-master/Procesador1/IM.vhd sub00/vhpl06 1522972760
EN npc NULL /home/gallego/Escritorio/ArquitecturaDeComputadores-master/Procesador1/nPc.vhd sub00/vhpl00 1523315557
AR alu behavioral /home/gallego/Escritorio/ArquitecturaDeComputadores-master/Procesador1/Alu.vhd sub00/vhpl13 1523314907
AR pc behavioral /home/gallego/Escritorio/ArquitecturaDeComputadores-master/Procesador1/pc.vhd sub00/vhpl05 1523315563
AR rf behavioral /home/gallego/Escritorio/ArquitecturaDeComputadores-master/Procesador1/RF.vhd sub00/vhpl11 1523405089
EN suma NULL /home/gallego/Escritorio/ArquitecturaDeComputadores-master/Procesador1/Suma.vhd sub00/vhpl02 1523404565
EN alu NULL /home/gallego/Escritorio/ArquitecturaDeComputadores-master/Procesador1/Alu.vhd sub00/vhpl12 1523314906
