V3 23
FL /home/gallego/Escritorio/ArquitecturaDeComputadores-master/Procesador1/Alu.vhd 2018/04/09.18:01:41 P.20131013
EN work/Alu 1523314906 \
      FL /home/gallego/Escritorio/ArquitecturaDeComputadores-master/Procesador1/Alu.vhd \
      PB ieee/std_logic_1164 1381692176 PB ieee/NUMERIC_STD 1381692181 \
      PB ieee/std_logic_arith 1381692177 PB ieee/STD_LOGIC_UNSIGNED 1381692179
AR work/Alu/Behavioral 1523314907 \
      FL /home/gallego/Escritorio/ArquitecturaDeComputadores-master/Procesador1/Alu.vhd \
      EN work/Alu 1523314906
FL /home/gallego/Escritorio/ArquitecturaDeComputadores-master/Procesador1/IM.vhd 2018/04/05.19:08:34 P.20131013
EN work/IM 1523315543 \
      FL /home/gallego/Escritorio/ArquitecturaDeComputadores-master/Procesador1/IM.vhd \
      PB ieee/std_logic_1164 1381692176 PB ieee/STD_LOGIC_UNSIGNED 1381692179 \
      PB std/TEXTIO 1381692176
AR work/IM/Behavioral 1523315544 \
      FL /home/gallego/Escritorio/ArquitecturaDeComputadores-master/Procesador1/IM.vhd \
      EN work/IM 1523315543
FL /home/gallego/Escritorio/ArquitecturaDeComputadores-master/Procesador1/nPc.vhd 2018/04/05.19:24:43 P.20131013
EN work/nPc 1523315557 \
      FL /home/gallego/Escritorio/ArquitecturaDeComputadores-master/Procesador1/nPc.vhd \
      PB ieee/std_logic_1164 1381692176
AR work/nPc/Behavioral 1523315558 \
      FL /home/gallego/Escritorio/ArquitecturaDeComputadores-master/Procesador1/nPc.vhd \
      EN work/nPc 1523315557
FL /home/gallego/Escritorio/ArquitecturaDeComputadores-master/Procesador1/pc.vhd 2018/04/05.17:29:44 P.20131013
EN work/pc 1523315562 \
      FL /home/gallego/Escritorio/ArquitecturaDeComputadores-master/Procesador1/pc.vhd \
      PB ieee/std_logic_1164 1381692176
AR work/pc/Behavioral 1523315563 \
      FL /home/gallego/Escritorio/ArquitecturaDeComputadores-master/Procesador1/pc.vhd \
      EN work/pc 1523315562
FL /home/gallego/Escritorio/ArquitecturaDeComputadores-master/Procesador1/RF.vhd 2018/04/10.19:04:29 P.20131013
EN work/RF 1523405088 \
      FL /home/gallego/Escritorio/ArquitecturaDeComputadores-master/Procesador1/RF.vhd \
      PB ieee/std_logic_1164 1381692176 PB ieee/STD_LOGIC_UNSIGNED 1381692179
AR work/RF/Behavioral 1523405089 \
      FL /home/gallego/Escritorio/ArquitecturaDeComputadores-master/Procesador1/RF.vhd \
      EN work/RF 1523405088
FL /home/gallego/Escritorio/ArquitecturaDeComputadores-master/Procesador1/Suma.vhd 2018/04/03.20:43:12 P.20131013
EN work/Suma 1523404565 \
      FL /home/gallego/Escritorio/ArquitecturaDeComputadores-master/Procesador1/Suma.vhd \
      PB ieee/std_logic_1164 1381692176 PB ieee/NUMERIC_STD 1381692181
AR work/Suma/Behavioral 1523404566 \
      FL /home/gallego/Escritorio/ArquitecturaDeComputadores-master/Procesador1/Suma.vhd \
      EN work/Suma 1523404565
FL /home/gallego/Escritorio/ArquitecturaDeComputadores-master/Procesador1/UC.vhd 2018/04/10.18:55:21 P.20131013
EN work/UC 1523404526 \
      FL /home/gallego/Escritorio/ArquitecturaDeComputadores-master/Procesador1/UC.vhd \
      PB ieee/std_logic_1164 1381692176
AR work/UC/Behavioral 1523404527 \
      FL /home/gallego/Escritorio/ArquitecturaDeComputadores-master/Procesador1/UC.vhd \
      EN work/UC 1523404526
FL "C:/Users/Richy/Desktop/Proyectos ISE/Procesador1/nPc.vhd" 2018/04/02.19:53:19 P.20131013
FL "C:/Users/Richy/Desktop/Proyectos ISE/Procesador1/Suma.vhd" 2018/04/03.19:19:19 P.20131013
